SQL> 
SQL> SELECT *
  2  FROM customer c
  3  JOIN customercategory cc
  4  ON (c.CustomerCategory_Id = cc.CustomerCategory_Id)
  5  WHERE cc.CustomerCategory = 'Staff';
WHERE cc.CustomerCategory = 'Staff'
      *
ERROR at line 5:
ORA-00904: "CC"."CUSTOMERCATEGORY": invalid identifier 


SQL> SELECT *
  2  FROM customer c
  3  JOIN customercategory cc
  4  ON (c.CustomerCategory_Id = cc.CustomerCategory_Id)
  5  WHERE cc.Customer_Category = 'Staff';

CUSTOMER_ID CUSTOMER_NAME                  CUSTOMER_EMAIL                 CUSTOMER_CONTACT CUSTOMER_ADDRESS     CUSTOMERCATEGORY_ID CUSTOMERCATEGORY_ID CUSTOMER_CATEGORY         DISCOUNT_RATE                                                                                                                                                                                                                                                                                                                     
----------- ------------------------------ ------------------------------ ---------------- -------------------- ------------------- ------------------- ------------------------- -------------                                                                                                                                                                                                                                                                                                                     
        903 Aayush Karki                   karkiaayush@gmail.com                9812781234 Gongabu                                2                   2 Staff                                 5                                                                                                                                                                                                                                                                                                                     
        906 Saswot Subedi                  saswot123@gmail.com                  9841897218 Kalanki                                2                   2 Staff                                 5                                                                                                                                                                                                                                                                                                                     

SQL> SET LINESIZE 500;
SQL> 
SQL> SELECT *
  2  FROM customer c
  3  JOIN customercategory cc
  4  ON (c.CustomerCategory_Id = cc.CustomerCategory_Id)
  5  WHERE cc.Customer_Category = 'Staff';

CUSTOMER_ID CUSTOMER_NAME                  CUSTOMER_EMAIL                 CUSTOMER_CONTACT CUSTOMER_ADDRESS     CUSTOMERCATEGORY_ID CUSTOMERCATEGORY_ID CUSTOMER_CATEGORY         DISCOUNT_RATE                                                                                                                                                                                                                                                                                                                     
----------- ------------------------------ ------------------------------ ---------------- -------------------- ------------------- ------------------- ------------------------- -------------                                                                                                                                                                                                                                                                                                                     
        903 Aayush Karki                   karkiaayush@gmail.com                9812781234 Gongabu                                2                   2 Staff                                 5                                                                                                                                                                                                                                                                                                                     
        906 Saswot Subedi                  saswot123@gmail.com                  9841897218 Kalanki                                2                   2 Staff                                 5                                                                                                                                                                                                                                                                                                                     

SQL> SELECT *
  2  FROM orderr
  3  WHERE Order_Date
  4  BETWEEN to_date('01-MAY-2023') AND to_date('28-MAY-2023');

  ORDER_ID ORDER_DAT   QUANTITY TOTAL_AMOUNT DISCOUNT_AMOUNT INVOICE_ID                                                                                                                                                                                                                                                                                                                                                                                                                                             
---------- --------- ---------- ------------ --------------- ----------                                                                                                                                                                                                                                                                                                                                                                                                                                             
       804 01-MAY-23          6        18000               0        604                                                                                                                                                                                                                                                                                                                                                                                                                                             
       805 09-MAY-23          1       200000           10000        605                                                                                                                                                                                                                                                                                                                                                                                                                                             
       806 15-MAY-23          1        67000            6700        606                                                                                                                                                                                                                                                                                                                                                                                                                                             
       807 23-MAY-23          2        90000            9000        607                                                                                                                                                                                                                                                                                                                                                                                                                                             
       808 27-MAY-23          1        67000            3350        608                                                                                                                                                                                                                                                                                                                                                                                                                                             

SQL> SELECT *
  2  FROM customer c
  3  LEFT OUTER JOIN orderdetail od
  4  ON c.Customer_Id = od.Customer_Id
  5  LEFT OUTER JOIN orderr o
  6  ON od.Order_Id = o.Order_Id;

CUSTOMER_ID CUSTOMER_NAME                  CUSTOMER_EMAIL                 CUSTOMER_CONTACT CUSTOMER_ADDRESS     CUSTOMERCATEGORY_ID   ORDER_ID CUSTOMER_ID   ORDER_ID ORDER_DAT   QUANTITY TOTAL_AMOUNT DISCOUNT_AMOUNT INVOICE_ID                                                                                                                                                                                                                                                                                  
----------- ------------------------------ ------------------------------ ---------------- -------------------- ------------------- ---------- ----------- ---------- --------- ---------- ------------ --------------- ----------                                                                                                                                                                                                                                                                                  
        907 Alish Bajracharya              bajalish@gmail.com                   9841891015 Lalitpur                               1        801         907        801 10-APR-23          1       980000               0        601                                                                                                                                                                                                                                                                                  
        903 Aayush Karki                   karkiaayush@gmail.com                9812781234 Gongabu                                2        802         903        802 23-APR-23          1         3000             150        602                                                                                                                                                                                                                                                                                  
        905 Rameshwor Pande                rameshworpande@gmail.com             9921234234 Godawari                               1        803         905        803 29-APR-23          2        90000               0        603                                                                                                                                                                                                                                                                                  
        905 Rameshwor Pande                rameshworpande@gmail.com             9921234234 Godawari                               1        804         905        804 01-MAY-23          6        18000               0        604                                                                                                                                                                                                                                                                                  
        906 Saswot Subedi                  saswot123@gmail.com                  9841897218 Kalanki                                2        805         906        805 09-MAY-23          1       200000           10000        605                                                                                                                                                                                                                                                                                  
        901 Jayesh Rajbhandari             jrajbhandari61@gmail.com             9818575447 Jaibageshwori                          3        806         901        806 15-MAY-23          1        67000            6700        606                                                                                                                                                                                                                                                                                  
        902 Arpit Gupta                    arpitgupta@gmail.com                 9818571234 Thamel                                 3        807         902        807 23-MAY-23          2        90000            9000        607                                                                                                                                                                                                                                                                                  
        903 Aayush Karki                   karkiaayush@gmail.com                9812781234 Gongabu                                2        808         903        808 27-MAY-23          1        67000            3350        608                                                                                                                                                                                                                                                                                  
        907 Alish Bajracharya              bajalish@gmail.com                   9841891015 Lalitpur                               1        809         907        809 05-JUN-23          1        45000               0        609                                                                                                                                                                                                                                                                                  
        904 Asbin Dahal                    dahalasbin1@gmail.com                9922909234 Kapan                                  1                                                                                                                                                                                                                                                                                                                                                                                 

10 rows selected.

SQL> SET LINESIZE 1000;
SQL> 
SQL> 
SQL> 
SQL> 
SQL> 
SQL> 
SQL> 
SQL> 
SQL> SELECT *
  2  FROM customer c
  3  LEFT OUTER JOIN orderdetail od
  4  ON c.Customer_Id = od.Customer_Id
  5  LEFT OUTER JOIN orderr o
  6  ON od.Order_Id = o.Order_Id;

CUSTOMER_ID CUSTOMER_NAME                  CUSTOMER_EMAIL                 CUSTOMER_CONTACT CUSTOMER_ADDRESS     CUSTOMERCATEGORY_ID   ORDER_ID CUSTOMER_ID   ORDER_ID ORDER_DAT   QUANTITY TOTAL_AMOUNT DISCOUNT_AMOUNT INVOICE_ID                                                                                                                                                                                                                                                                                                                                                                                                                                                                                                                                                                                                                                                                                                                                                                                                      
----------- ------------------------------ ------------------------------ ---------------- -------------------- ------------------- ---------- ----------- ---------- --------- ---------- ------------ --------------- ----------                                                                                                                                                                                                                                                                                                                                                                                                                                                                                                                                                                                                                                                                                                                                                                                                      
        907 Alish Bajracharya              bajalish@gmail.com                   9841891015 Lalitpur                               1        801         907        801 10-APR-23          1       980000               0        601                                                                                                                                                                                                                                                                                                                                                                                                                                                                                                                                                                                                                                                                                                                                                                                                      
        903 Aayush Karki                   karkiaayush@gmail.com                9812781234 Gongabu                                2        802         903        802 23-APR-23          1         3000             150        602                                                                                                                                                                                                                                                                                                                                                                                                                                                                                                                                                                                                                                                                                                                                                                                                      
        905 Rameshwor Pande                rameshworpande@gmail.com             9921234234 Godawari                               1        803         905        803 29-APR-23          2        90000               0        603                                                                                                                                                                                                                                                                                                                                                                                                                                                                                                                                                                                                                                                                                                                                                                                                      
        905 Rameshwor Pande                rameshworpande@gmail.com             9921234234 Godawari                               1        804         905        804 01-MAY-23          6        18000               0        604                                                                                                                                                                                                                                                                                                                                                                                                                                                                                                                                                                                                                                                                                                                                                                                                      
        906 Saswot Subedi                  saswot123@gmail.com                  9841897218 Kalanki                                2        805         906        805 09-MAY-23          1       200000           10000        605                                                                                                                                                                                                                                                                                                                                                                                                                                                                                                                                                                                                                                                                                                                                                                                                      
        901 Jayesh Rajbhandari             jrajbhandari61@gmail.com             9818575447 Jaibageshwori                          3        806         901        806 15-MAY-23          1        67000            6700        606                                                                                                                                                                                                                                                                                                                                                                                                                                                                                                                                                                                                                                                                                                                                                                                                      
        902 Arpit Gupta                    arpitgupta@gmail.com                 9818571234 Thamel                                 3        807         902        807 23-MAY-23          2        90000            9000        607                                                                                                                                                                                                                                                                                                                                                                                                                                                                                                                                                                                                                                                                                                                                                                                                      
        903 Aayush Karki                   karkiaayush@gmail.com                9812781234 Gongabu                                2        808         903        808 27-MAY-23          1        67000            3350        608                                                                                                                                                                                                                                                                                                                                                                                                                                                                                                                                                                                                                                                                                                                                                                                                      
        907 Alish Bajracharya              bajalish@gmail.com                   9841891015 Lalitpur                               1        809         907        809 05-JUN-23          1        45000               0        609                                                                                                                                                                                                                                                                                                                                                                                                                                                                                                                                                                                                                                                                                                                                                                                                      
        904 Asbin Dahal                    dahalasbin1@gmail.com                9922909234 Kapan                                  1                                                                                                                                                                                                                                                                                                                                                                                                                                                                                                                                                                                                                                                                                                                                                                                                                                                                                                     

10 rows selected.

SQL> SELECT * FROM Product
  2  ;

PRODUCT_ID PRODUCT_NAME    PRODUCT_DESCRIPTION            PRODUCT_PRICE PRODUCTCATEGORY_ID  VENDOR_ID                                                                                                                                                                                                                                                                                                                                                                                                                                                                                                                                                                                                                                                                                                                                                                                                                                                                                                                                   
---------- --------------- ------------------------------ ------------- ------------------ ----------                                                                                                                                                                                                                                                                                                                                                                                                                                                                                                                                                                                                                                                                                                                                                                                                                                                                                                                                   
       401 Iphone 15       Phone from Apple brand                200000                 57        101                                                                                                                                                                                                                                                                                                                                                                                                                                                                                                                                                                                                                                                                                                                                                                                                                                                                                                                                   
       402 Asus Slim       Laptop from ASUS brand                 98000                 61        102                                                                                                                                                                                                                                                                                                                                                                                                                                                                                                                                                                                                                                                                                                                                                                                                                                                                                                                                   
       403 Boat Speaker    Speaker from Boat brand                 3000                 59        105                                                                                                                                                                                                                                                                                                                                                                                                                                                                                                                                                                                                                                                                                                                                                                                                                                                                                                                                   
       404 Samsung s23     Phone from Samsung brand               67000                 57        103                                                                                                                                                                                                                                                                                                                                                                                                                                                                                                                                                                                                                                                                                                                                                                                                                                                                                                                                   
       405 Canon EOS R7    Camera from Canon brand               167000                 56        102                                                                                                                                                                                                                                                                                                                                                                                                                                                                                                                                                                                                                                                                                                                                                                                                                                                                                                                                   
       406 Watch Series 7  Watch from Apple brand                 45000                 58        102                                                                                                                                                                                                                                                                                                                                                                                                                                                                                                                                                                                                                                                                                                                                                                                                                                                                                                                                   
       407 LG TV           TV from LG brand                       45000                 55        104                                                                                                                                                                                                                                                                                                                                                                                                                                                                                                                                                                                                                                                                                                                                                                                                                                                                                                                                   
       408 Ranee Speaker   Speaker from Ranee brand               10000                 59        102                                                                                                                                                                                                                                                                                                                                                                                                                                                                                                                                                                                                                                                                                                                                                                                                                                                                                                                                   

8 rows selected.

SQL> SELECT *
  2  FROM Product p
  3  JOIN ProductCategory pc
  4  ON p.ProductCategory_Id = pc.ProductCategory_Id
  5  WHERE p.Product_Name LIKE '_a%'
  6  AND Product_Stock > 50;

PRODUCT_ID PRODUCT_NAME    PRODUCT_DESCRIPTION            PRODUCT_PRICE PRODUCTCATEGORY_ID  VENDOR_ID PRODUCTCATEGORY_ID PRODUCT_CATEGORY     PRODUCT_STOCK AVAILABILI                                                                                                                                                                                                                                                                                                                                                                                                                                                                                                                                                                                                                                                                                                                                                                                                                                                                  
---------- --------------- ------------------------------ ------------- ------------------ ---------- ------------------ -------------------- ------------- ----------                                                                                                                                                                                                                                                                                                                                                                                                                                                                                                                                                                                                                                                                                                                                                                                                                                                                  
       404 Samsung s23     Phone from Samsung brand               67000                 57        103                 57 Mobile                          56 Yes                                                                                                                                                                                                                                                                                                                                                                                                                                                                                                                                                                                                                                                                                                                                                                                                                                                                         
       406 Watch Series 7  Watch from Apple brand                 45000                 58        102                 58 Smart Watch                    100 Yes                                                                                                                                                                                                                                                                                                                                                                                                                                                                                                                                                                                                                                                                                                                                                                                                                                                                         

SQL> SELECT * FROM customer c
  2  INNER JOIN orderdetail d
  3  ON c.Customer_Id = d.Customer_Id
  4  INNER JOIN orderr o
  5  ON d.Order_Id = o.Order_Id
  6  WHERE o.Order_Date = (SELECT MAX(o.Order_Date) FROM orderr);

CUSTOMER_ID CUSTOMER_NAME                  CUSTOMER_EMAIL                 CUSTOMER_CONTACT CUSTOMER_ADDRESS     CUSTOMERCATEGORY_ID   ORDER_ID CUSTOMER_ID   ORDER_ID ORDER_DAT   QUANTITY TOTAL_AMOUNT DISCOUNT_AMOUNT INVOICE_ID                                                                                                                                                                                                                                                                                                                                                                                                                                                                                                                                                                                                                                                                                                                                                                                                      
----------- ------------------------------ ------------------------------ ---------------- -------------------- ------------------- ---------- ----------- ---------- --------- ---------- ------------ --------------- ----------                                                                                                                                                                                                                                                                                                                                                                                                                                                                                                                                                                                                                                                                                                                                                                                                      
        907 Alish Bajracharya              bajalish@gmail.com                   9841891015 Lalitpur                               1        801         907        801 10-APR-23          1       980000               0        601                                                                                                                                                                                                                                                                                                                                                                                                                                                                                                                                                                                                                                                                                                                                                                                                      
        903 Aayush Karki                   karkiaayush@gmail.com                9812781234 Gongabu                                2        802         903        802 23-APR-23          1         3000             150        602                                                                                                                                                                                                                                                                                                                                                                                                                                                                                                                                                                                                                                                                                                                                                                                                      
        905 Rameshwor Pande                rameshworpande@gmail.com             9921234234 Godawari                               1        803         905        803 29-APR-23          2        90000               0        603                                                                                                                                                                                                                                                                                                                                                                                                                                                                                                                                                                                                                                                                                                                                                                                                      
        905 Rameshwor Pande                rameshworpande@gmail.com             9921234234 Godawari                               1        804         905        804 01-MAY-23          6        18000               0        604                                                                                                                                                                                                                                                                                                                                                                                                                                                                                                                                                                                                                                                                                                                                                                                                      
        906 Saswot Subedi                  saswot123@gmail.com                  9841897218 Kalanki                                2        805         906        805 09-MAY-23          1       200000           10000        605                                                                                                                                                                                                                                                                                                                                                                                                                                                                                                                                                                                                                                                                                                                                                                                                      
        901 Jayesh Rajbhandari             jrajbhandari61@gmail.com             9818575447 Jaibageshwori                          3        806         901        806 15-MAY-23          1        67000            6700        606                                                                                                                                                                                                                                                                                                                                                                                                                                                                                                                                                                                                                                                                                                                                                                                                      
        902 Arpit Gupta                    arpitgupta@gmail.com                 9818571234 Thamel                                 3        807         902        807 23-MAY-23          2        90000            9000        607                                                                                                                                                                                                                                                                                                                                                                                                                                                                                                                                                                                                                                                                                                                                                                                                      
        903 Aayush Karki                   karkiaayush@gmail.com                9812781234 Gongabu                                2        808         903        808 27-MAY-23          1        67000            3350        608                                                                                                                                                                                                                                                                                                                                                                                                                                                                                                                                                                                                                                                                                                                                                                                                      
        907 Alish Bajracharya              bajalish@gmail.com                   9841891015 Lalitpur                               1        809         907        809 05-JUN-23          1        45000               0        609                                                                                                                                                                                                                                                                                                                                                                                                                                                                                                                                                                                                                                                                                                                                                                                                      

9 rows selected.

SQL> SELECT to_char(Order_Date, 'MM') AS MONTH, SUM(Total_Amount) AS REVENUE
  2  FROM Orderr
  3  GROUP BY to_char(order_date, 'MM');

MO    REVENUE                                                                                                                                                                                                                                                                                                                                                                                                                                                                                                                                                                                                                                                                                                                                                                                                                                                                                                                                                                                                                           
-- ----------                                                                                                                                                                                                                                                                                                                                                                                                                                                                                                                                                                                                                                                                                                                                                                                                                                                                                                                                                                                                                           
04    1073000                                                                                                                                                                                                                                                                                                                                                                                                                                                                                                                                                                                                                                                                                                                                                                                                                                                                                                                                                                                                                           
05     442000                                                                                                                                                                                                                                                                                                                                                                                                                                                                                                                                                                                                                                                                                                                                                                                                                                                                                                                                                                                                                           
06      45000                                                                                                                                                                                                                                                                                                                                                                                                                                                                                                                                                                                                                                                                                                                                                                                                                                                                                                                                                                                                                           

SQL> SELECT to_char(Order_Date, 'Month') AS MONTH, SUM(Total_Amount) AS REVENUE
  2  FROM Orderr
  3  GROUP BY to_char(order_date, 'Month');

MONTH                                   REVENUE                                                                                                                                                                                                                                                                                                                                                                                                                                                                                                                                                                                                                                                                                                                                                                                                                                                                                                                                                                                         
------------------------------------ ----------                                                                                                                                                                                                                                                                                                                                                                                                                                                                                                                                                                                                                                                                                                                                                                                                                                                                                                                                                                                         
June                                      45000                                                                                                                                                                                                                                                                                                                                                                                                                                                                                                                                                                                                                                                                                                                                                                                                                                                                                                                                                                                         
April                                   1073000                                                                                                                                                                                                                                                                                                                                                                                                                                                                                                                                                                                                                                                                                                                                                                                                                                                                                                                                                                                         
May                                      442000                                                                                                                                                                                                                                                                                                                                                                                                                                                                                                                                                                                                                                                                                                                                                                                                                                                                                                                                                                                         

SQL> SELECT *
  2  FROM Orderr
  3  WHERE Total_Amount >=
  4  (SELECT AVG(Total_Amount)
  5  FROM Orderr);

  ORDER_ID ORDER_DAT   QUANTITY TOTAL_AMOUNT DISCOUNT_AMOUNT INVOICE_ID                                                                                                                                                                                                                                                                                                                                                                                                                                                                                                                                                                                                                                                                                                                                                                                                                                                                                                                                                                 
---------- --------- ---------- ------------ --------------- ----------                                                                                                                                                                                                                                                                                                                                                                                                                                                                                                                                                                                                                                                                                                                                                                                                                                                                                                                                                                 
       801 10-APR-23          1       980000               0        601                                                                                                                                                                                                                                                                                                                                                                                                                                                                                                                                                                                                                                                                                                                                                                                                                                                                                                                                                                 
       805 09-MAY-23          1       200000           10000        605                                                                                                                                                                                                                                                                                                                                                                                                                                                                                                                                                                                                                                                                                                                                                                                                                                                                                                                                                                 

SQL> SELECT v.Vendor_Id, v.Vendor_Name, v.Contact_Number
  2  FROM Vendor v
  3  JOIN Product p ON v.Vendor_Id = p.Vendor_Id
  4  GROUP BY p.Vendor_Id
  5  HAVING COUNT(p.Vendor_Id) > 3;
SELECT v.Vendor_Id, v.Vendor_Name, v.Contact_Number
       *
ERROR at line 1:
ORA-00979: not a GROUP BY expression 


SQL> SELECT v.Vendor_Id, v.Vendor_Name, v.Contact_Number, COUNT(p.Vendor_Id)
  2  FROM Vendor v
  3  JOIN Product p ON v.Vendor_Id = p.Vendor_Id
  4  GROUP BY v.Vendor_Id, v.Vendor_Name, V.Contact_Number
  5  HAVING COUNT(p.Vendor_Id> < 3;
HAVING COUNT(p.Vendor_Id> < 3
                        *
ERROR at line 5:
ORA-00907: missing right parenthesis 


SQL> SELECT v.Vendor_Id, v.Vendor_Name, v.Contact_Number, COUNT(p.Vendor_Id)
  2  FROM Vendor v
  3  JOIN Product p ON v.Vendor_Id = p.Vendor_Id
  4  GROUP BY v.Vendor_Id, v.Vendor_Name, V.Contact_Number
  5  HAVING COUNT(p.Vendor_Id) > 3;
GROUP BY v.Vendor_Id, v.Vendor_Name, V.Contact_Number
                                     *
ERROR at line 4:
ORA-06553: PLS-306: wrong number or types of arguments in call to 'V' 


SQL> SELECT v.Vendor_Id, v.Vendor_Name, v.Contact_Number, COUNT(p.Vendor_Id)
  2  FROM Vendor v
  3  JOIN Product p ON v.Vendor_Id = p.Vendor_Id
  4  GROUP BY v.Vendor_Id, v.Vendor_Name, v.Contact_Number
  5  HAVING COUNT(p.Vendor_Id) > 3;
GROUP BY v.Vendor_Id, v.Vendor_Name, v.Contact_Number
                                     *
ERROR at line 4:
ORA-06553: PLS-306: wrong number or types of arguments in call to 'V' 


SQL> SELECT v.Vendor_Id, v.Vendor_Name, v.Vendor_Contact, COUNT(p.Vendor_Id)
  2  FROM Vendor v
  3  JOIN Product p ON v.Vendor_Id = p.Vendor_Id
  4  GROUP BY v.Vendor_Id, v.Vendor_Name, v.Vendor_Contact
  5  HAVING COUNT(p.Vendor_Id) > 3;

 VENDOR_ID VENDOR_NAME          VENDOR_CONTACT COUNT(P.VENDOR_ID)                                                                                                                                                                                                                                                                                                                                                                                                                                                                                                                                                                                                                                                                                                                                                                                                                                                                                                                                                                       
---------- -------------------- -------------- ------------------                                                                                                                                                                                                                                                                                                                                                                                                                                                                                                                                                                                                                                                                                                                                                                                                                                                                                                                                                                       
       102 Laxmi Suppliers          9818764227                  4                                                                                                                                                                                                                                                                                                                                                                                                                                                                                                                                                                                                                                                                                                                                                                                                                                                                                                                                                                       

SQL> SELECT p.Product_Id, p.Product_Name, COUNT(o.Quantity) AS ORDERCOUNT
  2  FROM Product p
  3  JOIN ProductDetail pd ON p.Product_Id = pd.Product_Id
  4  JOIN Orderr o ON pd.Order_Id = o.Order_Id
  5  GROUP BY p.Product_Id, p.Product_Name
  6  ORDER BY ORDERCOUNT DESC;

PRODUCT_ID PRODUCT_NAME    ORDERCOUNT                                                                                                                                                                                                                                                                                                                                                                                                                                                                                                                                                                                                                                                                                                                                                                                                                                                                                                                                                                                                   
---------- --------------- ----------                                                                                                                                                                                                                                                                                                                                                                                                                                                                                                                                                                                                                                                                                                                                                                                                                                                                                                                                                                                                   
       406 Watch Series 7           2                                                                                                                                                                                                                                                                                                                                                                                                                                                                                                                                                                                                                                                                                                                                                                                                                                                                                                                                                                                                   
       404 Samsung s23              2                                                                                                                                                                                                                                                                                                                                                                                                                                                                                                                                                                                                                                                                                                                                                                                                                                                                                                                                                                                                   
       403 Boat Speaker             2                                                                                                                                                                                                                                                                                                                                                                                                                                                                                                                                                                                                                                                                                                                                                                                                                                                                                                                                                                                                   
       407 LG TV                    1                                                                                                                                                                                                                                                                                                                                                                                                                                                                                                                                                                                                                                                                                                                                                                                                                                                                                                                                                                                                   
       402 Asus Slim                1                                                                                                                                                                                                                                                                                                                                                                                                                                                                                                                                                                                                                                                                                                                                                                                                                                                                                                                                                                                                   
       401 Iphone 15                1                                                                                                                                                                                                                                                                                                                                                                                                                                                                                                                                                                                                                                                                                                                                                                                                                                                                                                                                                                                                   

6 rows selected.

SQL> SELECT c.Customer_Id, c.Customer_Name, SUM(o.Total_Amount) AS TOTALSPENDING
  2  FROM customer c
  3  INNER JOIN OrderDetail od ON c.Customer_Id = od.Customer_Id
  4  INNER JOIN Orderr o ON od.Order_Id = o.Order_Id
  5  WHERE to_char(o.Order_Date, 'Month') IN ('August')
  6  GROUP BY c.Customer_Id, c.Customer_Name;

no rows selected

SQL> SELECT c.Customer_Id, c.Customer_Name, SUM(o.Total_Amount) AS TOTALSPENDING
  2  FROM customer c
  3  INNER JOIN OrderDetail od ON c.Customer_Id = od.Customer_Id
  4  INNER JOIN Orderr o ON od.Order_Id = o.Order_Id
  5  WHERE to_char(o.Order_Date, 'Month') IN ('June')
  6  GROUP BY c.Customer_Id, c.Customer_Name;

no rows selected

SQL> SELECT c.Customer_Id, c.Customer_Name, SUM(o.Total_Amount) AS TOTALSPENDING
  2  FROM customer c
  3  INNER JOIN OrderDetail od ON c.Customer_Id = od.Customer_Id
  4  INNER JOIN Orderr o ON od.Order_Id = o.Order_Id
  5  WHERE to_char(o.Order_Date, 'MM') = '06'
  6  GROUP BY c.Customer_Id, c.Customer_Name;

CUSTOMER_ID CUSTOMER_NAME                  TOTALSPENDING                                                                                                                                                                                                                                                                                                                                                                                                                                                                                                                                                                                                                                                                                                                                                                                                                                                                                                                                                                                
----------- ------------------------------ -------------                                                                                                                                                                                                                                                                                                                                                                                                                                                                                                                                                                                                                                                                                                                                                                                                                                                                                                                                                                                
        907 Alish Bajracharya                      45000                                                                                                                                                                                                                                                                                                                                                                                                                                                                                                                                                                                                                                                                                                                                                                                                                                                                                                                                                                                

SQL> SPOOL OFF
